// Jest Snapshot v1, https://goo.gl/fbAQLP

exports[`Render webspace select with children when webspaces are not loaded yet 1`] = `
Array [
  <div
    class="tabsContainer"
  >
    <div
      class="tabs default"
    >
      <div
        class="tabsContainerWrapper"
      >
        <ul
          class="tabsContainer"
        />
      </div>
    </div>
  </div>,
  <div
    class="webspaceSelect"
  >
    <div
      class="webspaceSelect"
    >
      <button
        class="button"
      >
        <span
          aria-label="su-webspace"
          class="su-webspace buttonIcon"
        />
        <span
          class="buttonValue"
        />
        <span
          aria-label="su-angle-down"
          class="su-angle-down buttonIcon"
        />
      </button>
    </div>
  </div>,
  <h1>
    sulu_blog
  </h1>,
]
`;
